// Jest Snapshot v1, https://goo.gl/fbAQLP

exports[`Product list component test case Displays the product items component based on the mock list 1`] = `
<div>
  <article
    class="grid xl:grid-cols-4 grid-cols-2 container mx-auto mt-6"
  >
    <aside
      class="flex flex-col justify-between p-3 hover:opacity-80 duration-100 ease-in-out"
    >
      <span
        class="flex flex-col"
      >
        <span
          style="box-sizing: border-box; display: inline-block; overflow: hidden; background: none; opacity: 1; border: 0px; margin: 0px; padding: 0px; position: relative; max-width: 100%;"
        >
          <span
            style="box-sizing: border-box; display: block; background: none; opacity: 1; border: 0px; margin: 0px; padding: 0px; max-width: 100%;"
          >
            <img
              alt=""
              aria-hidden="true"
              src="data:image/svg+xml,%3csvg%20xmlns=%27http://www.w3.org/2000/svg%27%20version=%271.1%27%20width=%27100%27%20height=%27200%27/%3e"
              style="display: block; max-width: 100%; background: none; opacity: 1; border: 0px; margin: 0px; padding: 0px;"
            />
          </span>
          <img
            alt="Mens Casual Slim Fit"
            class="object-contain"
            data-nimg="intrinsic"
            decoding="async"
            src="/_next/image?url=https%3A%2F%2Ffakestoreapi.com%2Fimg%2F71YXzeOuslL._AC_UY879_.jpg&w=256&q=75"
            srcset="/_next/image?url=https%3A%2F%2Ffakestoreapi.com%2Fimg%2F71YXzeOuslL._AC_UY879_.jpg&w=128&q=75 1x, /_next/image?url=https%3A%2F%2Ffakestoreapi.com%2Fimg%2F71YXzeOuslL._AC_UY879_.jpg&w=256&q=75 2x"
            style="position: absolute; top: 0px; left: 0px; bottom: 0px; right: 0px; box-sizing: border-box; padding: 0px; margin: auto; display: block; width: 0px; height: 0px; min-width: 100%; max-width: 100%; min-height: 100%; max-height: 100%;"
          />
        </span>
        <p
          class="font-bold mb-2"
        >
          Mens Casual Slim Fit
        </p>
      </span>
      <div
        class="w-full"
      >
        <p
          class="mb-3 text-gray-400 text-base relative"
        >
          $ 15.99
        </p>
        <button
          class="w-full border-2 font-lato text-base border-black rounded-md px-6 py-4 hover:border-gray-900 hover:bg-gray-200  duration-100 ease-in"
        >
          Agregar al carrito
        </button>
      </div>
    </aside>
    <aside
      class="flex flex-col justify-between p-3 hover:opacity-80 duration-100 ease-in-out"
    >
      <span
        class="flex flex-col"
      >
        <span
          style="box-sizing: border-box; display: inline-block; overflow: hidden; background: none; opacity: 1; border: 0px; margin: 0px; padding: 0px; position: relative; max-width: 100%;"
        >
          <span
            style="box-sizing: border-box; display: block; background: none; opacity: 1; border: 0px; margin: 0px; padding: 0px; max-width: 100%;"
          >
            <img
              alt=""
              aria-hidden="true"
              src="data:image/svg+xml,%3csvg%20xmlns=%27http://www.w3.org/2000/svg%27%20version=%271.1%27%20width=%27100%27%20height=%27200%27/%3e"
              style="display: block; max-width: 100%; background: none; opacity: 1; border: 0px; margin: 0px; padding: 0px;"
            />
          </span>
          <img
            alt="John Hardy Women's Legends Naga Gold & Silver Dragon Station Chain Bracelet"
            class="object-contain"
            data-nimg="intrinsic"
            decoding="async"
            src="/_next/image?url=https%3A%2F%2Ffakestoreapi.com%2Fimg%2F71pWzhdJNwL._AC_UL640_QL65_ML3_.jpg&w=256&q=75"
            srcset="/_next/image?url=https%3A%2F%2Ffakestoreapi.com%2Fimg%2F71pWzhdJNwL._AC_UL640_QL65_ML3_.jpg&w=128&q=75 1x, /_next/image?url=https%3A%2F%2Ffakestoreapi.com%2Fimg%2F71pWzhdJNwL._AC_UL640_QL65_ML3_.jpg&w=256&q=75 2x"
            style="position: absolute; top: 0px; left: 0px; bottom: 0px; right: 0px; box-sizing: border-box; padding: 0px; margin: auto; display: block; width: 0px; height: 0px; min-width: 100%; max-width: 100%; min-height: 100%; max-height: 100%;"
          />
        </span>
        <p
          class="font-bold mb-2"
        >
          John Hardy Women's Legends Naga Gold & Silver Dragon Station Chain Bracelet
        </p>
      </span>
      <div
        class="w-full"
      >
        <p
          class="mb-3 text-gray-400 text-base relative"
        >
          $ 695
        </p>
        <button
          class="w-full border-2 font-lato text-base border-black rounded-md px-6 py-4 hover:border-gray-900 hover:bg-gray-200  duration-100 ease-in"
        >
          Agregar al carrito
        </button>
      </div>
    </aside>
    <aside
      class="flex flex-col justify-between p-3 hover:opacity-80 duration-100 ease-in-out"
    >
      <span
        class="flex flex-col"
      >
        <span
          style="box-sizing: border-box; display: inline-block; overflow: hidden; background: none; opacity: 1; border: 0px; margin: 0px; padding: 0px; position: relative; max-width: 100%;"
        >
          <span
            style="box-sizing: border-box; display: block; background: none; opacity: 1; border: 0px; margin: 0px; padding: 0px; max-width: 100%;"
          >
            <img
              alt=""
              aria-hidden="true"
              src="data:image/svg+xml,%3csvg%20xmlns=%27http://www.w3.org/2000/svg%27%20version=%271.1%27%20width=%27100%27%20height=%27200%27/%3e"
              style="display: block; max-width: 100%; background: none; opacity: 1; border: 0px; margin: 0px; padding: 0px;"
            />
          </span>
          <img
            alt="Solid Gold Petite Micropave "
            class="object-contain"
            data-nimg="intrinsic"
            decoding="async"
            src="/_next/image?url=https%3A%2F%2Ffakestoreapi.com%2Fimg%2F61sbMiUnoGL._AC_UL640_QL65_ML3_.jpg&w=256&q=75"
            srcset="/_next/image?url=https%3A%2F%2Ffakestoreapi.com%2Fimg%2F61sbMiUnoGL._AC_UL640_QL65_ML3_.jpg&w=128&q=75 1x, /_next/image?url=https%3A%2F%2Ffakestoreapi.com%2Fimg%2F61sbMiUnoGL._AC_UL640_QL65_ML3_.jpg&w=256&q=75 2x"
            style="position: absolute; top: 0px; left: 0px; bottom: 0px; right: 0px; box-sizing: border-box; padding: 0px; margin: auto; display: block; width: 0px; height: 0px; min-width: 100%; max-width: 100%; min-height: 100%; max-height: 100%;"
          />
        </span>
        <p
          class="font-bold mb-2"
        >
          Solid Gold Petite Micropave 
        </p>
      </span>
      <div
        class="w-full"
      >
        <p
          class="mb-3 text-gray-400 text-base relative"
        >
          $ 168
        </p>
        <button
          class="w-full border-2 font-lato text-base border-black rounded-md px-6 py-4 hover:border-gray-900 hover:bg-gray-200  duration-100 ease-in"
        >
          Agregar al carrito
        </button>
      </div>
    </aside>
    <aside
      class="flex flex-col justify-between p-3 hover:opacity-80 duration-100 ease-in-out"
    >
      <span
        class="flex flex-col"
      >
        <span
          style="box-sizing: border-box; display: inline-block; overflow: hidden; background: none; opacity: 1; border: 0px; margin: 0px; padding: 0px; position: relative; max-width: 100%;"
        >
          <span
            style="box-sizing: border-box; display: block; background: none; opacity: 1; border: 0px; margin: 0px; padding: 0px; max-width: 100%;"
          >
            <img
              alt=""
              aria-hidden="true"
              src="data:image/svg+xml,%3csvg%20xmlns=%27http://www.w3.org/2000/svg%27%20version=%271.1%27%20width=%27100%27%20height=%27200%27/%3e"
              style="display: block; max-width: 100%; background: none; opacity: 1; border: 0px; margin: 0px; padding: 0px;"
            />
          </span>
          <img
            alt="White Gold Plated Princess"
            class="object-contain"
            data-nimg="intrinsic"
            decoding="async"
            src="/_next/image?url=https%3A%2F%2Ffakestoreapi.com%2Fimg%2F71YAIFU48IL._AC_UL640_QL65_ML3_.jpg&w=256&q=75"
            srcset="/_next/image?url=https%3A%2F%2Ffakestoreapi.com%2Fimg%2F71YAIFU48IL._AC_UL640_QL65_ML3_.jpg&w=128&q=75 1x, /_next/image?url=https%3A%2F%2Ffakestoreapi.com%2Fimg%2F71YAIFU48IL._AC_UL640_QL65_ML3_.jpg&w=256&q=75 2x"
            style="position: absolute; top: 0px; left: 0px; bottom: 0px; right: 0px; box-sizing: border-box; padding: 0px; margin: auto; display: block; width: 0px; height: 0px; min-width: 100%; max-width: 100%; min-height: 100%; max-height: 100%;"
          />
        </span>
        <p
          class="font-bold mb-2"
        >
          White Gold Plated Princess
        </p>
      </span>
      <div
        class="w-full"
      >
        <p
          class="mb-3 text-gray-400 text-base relative"
        >
          $ 9.99
        </p>
        <button
          class="w-full border-2 font-lato text-base border-black rounded-md px-6 py-4 hover:border-gray-900 hover:bg-gray-200  duration-100 ease-in"
        >
          Agregar al carrito
        </button>
      </div>
    </aside>
    <aside
      class="flex flex-col justify-between p-3 hover:opacity-80 duration-100 ease-in-out"
    >
      <span
        class="flex flex-col"
      >
        <span
          style="box-sizing: border-box; display: inline-block; overflow: hidden; background: none; opacity: 1; border: 0px; margin: 0px; padding: 0px; position: relative; max-width: 100%;"
        >
          <span
            style="box-sizing: border-box; display: block; background: none; opacity: 1; border: 0px; margin: 0px; padding: 0px; max-width: 100%;"
          >
            <img
              alt=""
              aria-hidden="true"
              src="data:image/svg+xml,%3csvg%20xmlns=%27http://www.w3.org/2000/svg%27%20version=%271.1%27%20width=%27100%27%20height=%27200%27/%3e"
              style="display: block; max-width: 100%; background: none; opacity: 1; border: 0px; margin: 0px; padding: 0px;"
            />
          </span>
          <img
            alt="Pierced Owl Rose Gold Plated Stainless Steel Double"
            class="object-contain"
            data-nimg="intrinsic"
            decoding="async"
            src="/_next/image?url=https%3A%2F%2Ffakestoreapi.com%2Fimg%2F51UDEzMJVpL._AC_UL640_QL65_ML3_.jpg&w=256&q=75"
            srcset="/_next/image?url=https%3A%2F%2Ffakestoreapi.com%2Fimg%2F51UDEzMJVpL._AC_UL640_QL65_ML3_.jpg&w=128&q=75 1x, /_next/image?url=https%3A%2F%2Ffakestoreapi.com%2Fimg%2F51UDEzMJVpL._AC_UL640_QL65_ML3_.jpg&w=256&q=75 2x"
            style="position: absolute; top: 0px; left: 0px; bottom: 0px; right: 0px; box-sizing: border-box; padding: 0px; margin: auto; display: block; width: 0px; height: 0px; min-width: 100%; max-width: 100%; min-height: 100%; max-height: 100%;"
          />
        </span>
        <p
          class="font-bold mb-2"
        >
          Pierced Owl Rose Gold Plated Stainless Steel Double
        </p>
      </span>
      <div
        class="w-full"
      >
        <p
          class="mb-3 text-gray-400 text-base relative"
        >
          $ 10.99
        </p>
        <button
          class="w-full border-2 font-lato text-base border-black rounded-md px-6 py-4 hover:border-gray-900 hover:bg-gray-200  duration-100 ease-in"
        >
          Agregar al carrito
        </button>
      </div>
    </aside>
  </article>
</div>
`;
